<?xml version="1.0" encoding="UTF-8"?>
<model-data>
	<image name="/home/rgrunber/runtime-EclipseApplication/archer/gdb/gdb" count="176">
		<symbols>
			<symbol name="d_demangle" file="??" count="26">
				<sample>
					<count>26</count>
					<line>0</line>
				</sample>
			</symbol>
			<symbol name="gnu_special" file="??" count="9">
				<sample>
					<count>9</count>
					<line>0</line>
				</sample>
			</symbol>
			<symbol name="htab_hash_string" file="??" count="9">
				<sample>
					<count>9</count>
					<line>0</line>
				</sample>
			</symbol>
			<symbol name="add_minsym_to_hash_table" file="??" count="7">
				<sample>
					<count>7</count>
					<line>0</line>
				</sample>
			</symbol>
			<symbol name="bfd_elf_string_from_elf_section" file="??" count="7">
				<sample>
					<count>7</count>
					<line>0</line>
				</sample>
			</symbol>
			<symbol name="internal_cplus_demangle" file="??" count="7">
				<sample>
					<count>7</count>
					<line>0</line>
				</sample>
			</symbol>
			<symbol name="bfd_elf32_swap_symbol_in" file="??" count="6">
				<sample>
					<count>6</count>
					<line>0</line>
				</sample>
			</symbol>
			<symbol name="eq_demangled_name_entry" file="??" count="6">
				<sample>
					<count>6</count>
					<line>0</line>
				</sample>
			</symbol>
			<symbol name="find_methods" file="??" count="6">
				<sample>
					<count>6</count>
					<line>0</line>
				</sample>
			</symbol>
			<symbol name="prim_record_minimal_symbol_full" file="??" count="6">
				<sample>
					<count>6</count>
					<line>0</line>
				</sample>
			</symbol>
			<symbol name="symbol_set_names" file="??" count="6">
				<sample>
					<count>6</count>
					<line>0</line>
				</sample>
			</symbol>
			<symbol name="bfd_elf32_slurp_symbol_table" file="??" count="5">
				<sample>
					<count>5</count>
					<line>0</line>
				</sample>
			</symbol>
			<symbol name="cplus_demangle" file="??" count="4">
				<sample>
					<count>4</count>
					<line>0</line>
				</sample>
			</symbol>
			<symbol name="htab_find_slot_with_hash" file="??" count="4">
				<sample>
					<count>4</count>
					<line>0</line>
				</sample>
			</symbol>
			<symbol name="compare_minimal_symbols" file="??" count="3">
				<sample>
					<count>3</count>
					<line>0</line>
				</sample>
			</symbol>
			<symbol name="d_demangle_callback" file="??" count="3">
				<sample>
					<count>3</count>
					<line>0</line>
				</sample>
			</symbol>
			<symbol name="elf_symtab_read" file="??" count="3">
				<sample>
					<count>3</count>
					<line>0</line>
				</sample>
			</symbol>
			<symbol name="obsavestring" file="??" count="3">
				<sample>
					<count>3</count>
					<line>0</line>
				</sample>
			</symbol>
			<symbol name="bfd_bread" file="??" count="2">
				<sample>
					<count>2</count>
					<line>0</line>
				</sample>
			</symbol>
			<symbol name="bfd_getl16" file="??" count="2">
				<sample>
					<count>2</count>
					<line>0</line>
				</sample>
			</symbol>
			<symbol name="bfd_section_from_elf_index" file="??" count="2">
				<sample>
					<count>2</count>
					<line>0</line>
				</sample>
			</symbol>
			<symbol name="find_pc_partial_function" file="??" count="2">
				<sample>
					<count>2</count>
					<line>0</line>
				</sample>
			</symbol>
			<symbol name="get_objfile_arch" file="??" count="2">
				<sample>
					<count>2</count>
					<line>0</line>
				</sample>
			</symbol>
			<symbol name="htab_expand" file="??" count="2">
				<sample>
					<count>2</count>
					<line>0</line>
				</sample>
			</symbol>
			<symbol name="regcache_raw_supply" file="??" count="2">
				<sample>
					<count>2</count>
					<line>0</line>
				</sample>
			</symbol>
			<symbol name="symbol_init_language_specific" file="??" count="2">
				<sample>
					<count>2</count>
					<line>0</line>
				</sample>
			</symbol>
			<symbol name="_initialize_mi_cmds" file="??" count="1">
				<sample>
					<count>1</count>
					<line>0</line>
				</sample>
			</symbol>
			<symbol name="add_cmd" file="??" count="1">
				<sample>
					<count>1</count>
					<line>0</line>
				</sample>
			</symbol>
			<symbol name="allocate_bp_location" file="??" count="1">
				<sample>
					<count>1</count>
					<line>0</line>
				</sample>
			</symbol>
			<symbol name="bfd_elf32_object_p" file="??" count="1">
				<sample>
					<count>1</count>
					<line>0</line>
				</sample>
			</symbol>
			<symbol name="bfd_getl32" file="??" count="1">
				<sample>
					<count>1</count>
					<line>0</line>
				</sample>
			</symbol>
			<symbol name="bfd_section_hash_newfunc" file="??" count="1">
				<sample>
					<count>1</count>
					<line>0</line>
				</sample>
			</symbol>
			<symbol name="build_minimal_symbol_hash_tables" file="??" count="1">
				<sample>
					<count>1</count>
					<line>0</line>
				</sample>
			</symbol>
			<symbol name="core_addr_identity" file="??" count="1">
				<sample>
					<count>1</count>
					<line>0</line>
				</sample>
			</symbol>
			<symbol name="cpname_lex" file="??" count="1">
				<sample>
					<count>1</count>
					<line>0</line>
				</sample>
			</symbol>
			<symbol name="dwarf2_frame_cache" file="??" count="1">
				<sample>
					<count>1</count>
					<line>0</line>
				</sample>
			</symbol>
			<symbol name="exceptions_state_mc_action_iter_1" file="??" count="1">
				<sample>
					<count>1</count>
					<line>0</line>
				</sample>
			</symbol>
			<symbol name="find_and_open_source" file="??" count="1">
				<sample>
					<count>1</count>
					<line>0</line>
				</sample>
			</symbol>
			<symbol name="find_charset_names" file="??" count="1">
				<sample>
					<count>1</count>
					<line>0</line>
				</sample>
			</symbol>
			<symbol name="find_function_start_sal" file="??" count="1">
				<sample>
					<count>1</count>
					<line>0</line>
				</sample>
			</symbol>
			<symbol name="find_pc_section" file="??" count="1">
				<sample>
					<count>1</count>
					<line>0</line>
				</sample>
			</symbol>
			<symbol name="forget_types" file="??" count="1">
				<sample>
					<count>1</count>
					<line>0</line>
				</sample>
			</symbol>
			<symbol name="gdbarch_has_global_breakpoints" file="??" count="1">
				<sample>
					<count>1</count>
					<line>0</line>
				</sample>
			</symbol>
			<symbol name="gdbarch_smash_text_address" file="??" count="1">
				<sample>
					<count>1</count>
					<line>0</line>
				</sample>
			</symbol>
			<symbol name="hex_string" file="??" count="1">
				<sample>
					<count>1</count>
					<line>0</line>
				</sample>
			</symbol>
			<symbol name="htab_find_slot" file="??" count="1">
				<sample>
					<count>1</count>
					<line>0</line>
				</sample>
			</symbol>
			<symbol name="htab_find_with_hash" file="??" count="1">
				<sample>
					<count>1</count>
					<line>0</line>
				</sample>
			</symbol>
			<symbol name="linux_nat_wait" file="??" count="1">
				<sample>
					<count>1</count>
					<line>0</line>
				</sample>
			</symbol>
			<symbol name="linux_nat_xfer_partial" file="??" count="1">
				<sample>
					<count>1</count>
					<line>0</line>
				</sample>
			</symbol>
			<symbol name="lookup_minimal_symbol_by_pc_section_1" file="??" count="1">
				<sample>
					<count>1</count>
					<line>0</line>
				</sample>
			</symbol>
			<symbol name="lookup_minimal_symbol_text" file="??" count="1">
				<sample>
					<count>1</count>
					<line>0</line>
				</sample>
			</symbol>
			<symbol name="make_cleanup" file="??" count="1">
				<sample>
					<count>1</count>
					<line>0</line>
				</sample>
			</symbol>
			<symbol name="objc_demangle" file="??" count="1">
				<sample>
					<count>1</count>
					<line>0</line>
				</sample>
			</symbol>
			<symbol name="prefixify_expression" file="??" count="1">
				<sample>
					<count>1</count>
					<line>0</line>
				</sample>
			</symbol>
			<symbol name="process_next_line" file="??" count="1">
				<sample>
					<count>1</count>
					<line>0</line>
				</sample>
			</symbol>
			<symbol name="qsort_cmp" file="??" count="1">
				<sample>
					<count>1</count>
					<line>0</line>
				</sample>
			</symbol>
			<symbol name="read_psymtabs_with_filename" file="??" count="1">
				<sample>
					<count>1</count>
					<line>0</line>
				</sample>
			</symbol>
			<symbol name="symbol_natural_name" file="??" count="1">
				<sample>
					<count>1</count>
					<line>0</line>
				</sample>
			</symbol>
			<symbol name="symbol_set_demangled_name" file="??" count="1">
				<sample>
					<count>1</count>
					<line>0</line>
				</sample>
			</symbol>
			<symbol name="target_read_memory" file="??" count="1">
				<sample>
					<count>1</count>
					<line>0</line>
				</sample>
			</symbol>
			<symbol name="target_xfer_partial" file="??" count="1">
				<sample>
					<count>1</count>
					<line>0</line>
				</sample>
			</symbol>
			<symbol name="tdesc_gdb_type" file="??" count="1">
				<sample>
					<count>1</count>
					<line>0</line>
				</sample>
			</symbol>
			<symbol name="tilde_expand" file="??" count="1">
				<sample>
					<count>1</count>
					<line>0</line>
				</sample>
			</symbol>
			<symbol name="update_global_location_list" file="??" count="1">
				<sample>
					<count>1</count>
					<line>0</line>
				</sample>
			</symbol>
			<symbol name="update_solib_list" file="??" count="1">
				<sample>
					<count>1</count>
					<line>0</line>
				</sample>
			</symbol>
			<symbol name="xmalloc" file="??" count="1">
				<sample>
					<count>1</count>
					<line>0</line>
				</sample>
			</symbol>
		</symbols>
	</image>
</model-data>
